ck (most recent call last):
  File "/opt/render/project/src/loadtests/locustfile.py", line 108, in on_start
    self.credential = CREDENTIAL_POOL.acquire()
                      ~~~~~~~~~~~~~~~~~~~~~~~^^
  File "/opt/render/project/src/loadtests/locustfile.py", line 58, in acquire
    raise RuntimeError("No available load-test users") from exc
RuntimeError: No available load-test users

The above exception was the direct cause of the following exception:

Traceback (most recent call last):
  File "/opt/render/project/src/.venv/lib/python3.13/site-packages/locust/user/users.py", line 160, in run
    self.on_start()
    ~~~~~~~~~~~~~^^
  File "/opt/render/project/src/loadtests/locustfile.py", line 110, in on_start
    raise RescheduleTask(str(exc)) from exc
locust.exception.RescheduleTask: No available load-test users

Traceback (most recent call last):
  File "/opt/render/project/src/loadtests/locustfile.py", line 56, in acquire
    return self._pool.get(timeout=5)
           ~~~~~~~~~~~~~~^^^^^^^^^^^
  File "/opt/render/project/python/Python-3.13.4/lib/python3.13/queue.py", line 212, in get
    raise Empty
_queue.Empty

The above exception was the direct cause of the following exception:

Traceback (most recent call last):
  File "/opt/render/project/src/loadtests/locustfile.py", line 108, in on_start
    self.credential = CREDENTIAL_POOL.acquire()
                      ~~~~~~~~~~~~~~~~~~~~~~~^^
  File "/opt/render/project/src/loadtests/locustfile.py", line 58, in acquire
    raise RuntimeError("No available load-test users") from exc
RuntimeError: No available load-test users

The above exception was the direct cause of the following exception:

Traceback (most recent call last):
  File "src/gevent/greenlet.py", line 906, in gevent._gevent_cgreenlet.Greenlet.run
  File "/opt/render/project/src/.venv/lib/python3.13/site-packages/locust/user/users.py", line 198, in run_user
    user.run()
    ~~~~~~~~^^
  File "/opt/render/project/src/.venv/lib/python3.13/site-packages/locust/user/users.py", line 160, in run
    self.on_start()
    ~~~~~~~~~~~~~^^
  File "/opt/render/project/src/loadtests/locustfile.py", line 110, in on_start
    raise RescheduleTask(str(exc)) from exc
locust.exception.RescheduleTask: No available load-test users
2025-12-01T06:34:25Z <Greenlet at 0x73bc66e81440: run_user(<locustfile.RecipeOpsUser object at 0x73bc671007a0)> failed with RescheduleTask

[2025-12-01 06:34:25,747] srv-d3r8t01r0fns73fusa00-5b7fcdf955-ndp88/ERROR/locust.user.users: No available load-test users
Traceback (most recent call last):
  File "/opt/render/project/src/loadtests/locustfile.py", line 56, in acquire
    return self._pool.get(timeout=5)
           ~~~~~~~~~~~~~~^^^^^^^^^^^
  File "/opt/render/project/python/Python-3.13.4/lib/python3.13/queue.py", line 212, in get
    raise Empty
_queue.Empty

The above exception was the direct cause of the following exception:

Traceback (most recent call last):
  File "/opt/render/project/src/loadtests/locustfile.py", line 108, in on_start
    self.credential = CREDENTIAL_POOL.acquire()
                      ~~~~~~~~~~~~~~~~~~~~~~~^^
  File "/opt/render/project/src/loadtests/locustfile.py", line 58, in acquire
    raise RuntimeError("No available load-test users") from exc
RuntimeError: No available load-test users

The above exception was the direct cause of the following exception:

Traceback (most recent call last):
  File "/opt/render/project/src/.venv/lib/python3.13/site-packages/locust/user/users.py", line 160, in run
    self.on_start()
    ~~~~~~~~~~~~~^^
  File "/opt/render/project/src/loadtests/locustfile.py", line 110, in on_start
    raise RescheduleTask(str(exc)) from exc
locust.exception.RescheduleTask: No available load-test users

Traceback (most recent call last):
  File "/opt/render/project/src/loadtests/locustfile.py", line 56, in acquire
    return self._pool.get(timeout=5)
           ~~~~~~~~~~~~~~^^^^^^^^^^^
  File "/opt/render/project/python/Python-3.13.4/lib/python3.13/queue.py", line 212, in get
    raise Empty
_queue.Empty

The above exception was the direct cause of the following exception:

Traceback (most recent call last):
  File "/opt/render/project/src/loadtests/locustfile.py", line 108, in on_start
    self.credential = CREDENTIAL_POOL.acquire()
                      ~~~~~~~~~~~~~~~~~~~~~~~^^
  File "/opt/render/project/src/loadtests/locustfile.py", line 58, in acquire
    raise RuntimeError("No available load-test users") from exc
RuntimeError: No available load-test users

The above exception was the direct cause of the following exception:

Traceback (most recent call last):
  File "src/gevent/greenlet.py", line 906, in gevent._gevent_cgreenlet.Greenlet.run
  File "/opt/render/project/src/.venv/lib/python3.13/site-packages/locust/user/users.py", line 198, in run_user
    user.run()
    ~~~~~~~~^^
  File "/opt/render/project/src/.venv/lib/python3.13/site-packages/locust/user/users.py", line 160, in run
    self.on_start()
    ~~~~~~~~~~~~~^^
  File "/opt/render/project/src/loadtests/locustfile.py", line 110, in on_start
    raise RescheduleTask(str(exc)) from exc
locust.exception.RescheduleTask: No available load-test users
2025-12-01T06:34:25Z <Greenlet at 0x73bc66e81580: run_user(<locustfile.RecipeOpsUser object at 0x73bc67156c30)> failed with RescheduleTask

[2025-12-01 06:34:25,749] srv-d3r8t01r0fns73fusa00-5b7fcdf955-ndp88/ERROR/locust.user.users: No available load-test users
Traceback (most recent call last):
  File "/opt/render/project/src/loadtests/locustfile.py", line 56, in acquire
    return self._pool.get(timeout=5)
           ~~~~~~~~~~~~~~^^^^^^^^^^^
  File "/opt/render/project/python/Python-3.13.4/lib/python3.13/queue.py", line 212, in get
    raise Empty
_queue.Empty

The above exception was the direct cause of the following exception:

Traceback (most recent call last):
  File "/opt/render/project/src/loadtests/locustfile.py", line 108, in on_start
    self.credential = CREDENTIAL_POOL.acquire()
                      ~~~~~~~~~~~~~~~~~~~~~~~^^
  File "/opt/render/project/src/loadtests/locustfile.py", line 58, in acquire
    raise RuntimeError("No available load-test users") from exc
RuntimeError: No available load-test users

The above exception was the direct cause of the following exception:

Traceback (most recent call last):
  File "/opt/render/project/src/.venv/lib/python3.13/site-packages/locust/user/users.py", line 160, in run
    self.on_start()
    ~~~~~~~~~~~~~^^
  File "/opt/render/project/src/loadtests/locustfile.py", line 110, in on_start
    raise RescheduleTask(str(exc)) from exc
locust.exception.RescheduleTask: No available load-test users

Traceback (most recent call last):
  File "/opt/render/project/src/loadtests/locustfile.py", line 56, in acquire
    return self._pool.get(timeout=5)
           ~~~~~~~~~~~~~~^^^^^^^^^^^
  File "/opt/render/project/python/Python-3.13.4/lib/python3.13/queue.py", line 212, in get
    raise Empty
_queue.Empty

The above exception was the direct cause of the following exception:

Traceback (most recent call last):
  File "/opt/render/project/src/loadtests/locustfile.py", line 108, in on_start
    self.credential = CREDENTIAL_POOL.acquire()
                      ~~~~~~~~~~~~~~~~~~~~~~~^^
  File "/opt/render/project/src/loadtests/locustfile.py", line 58, in acquire
    raise RuntimeError("No available load-test users") from exc
RuntimeError: No available load-test users

The above exception was the direct cause of the following exception:

Traceback (most recent call last):
  File "src/gevent/greenlet.py", line 906, in gevent._gevent_cgreenlet.Greenlet.run
  File "/opt/render/project/src/.venv/lib/python3.13/site-packages/locust/user/users.py", line 198, in run_user
    user.run()
    ~~~~~~~~^^
  File "/opt/render/project/src/.venv/lib/python3.13/site-packages/locust/user/users.py", line 160, in run
    self.on_start()
    ~~~~~~~~~~~~~^^
  File "/opt/render/project/src/loadtests/locustfile.py", line 110, in on_start
    raise RescheduleTask(str(exc)) from exc
locust.exception.RescheduleTask: No available load-test users
2025-12-01T06:34:25Z <Greenlet at 0x73bc66e816c0: run_user(<locustfile.RecipeOpsUser object at 0x73bc67156ba0)> failed with RescheduleTask

[2025-12-01 06:34:25,751] srv-d3r8t01r0fns73fusa00-5b7fcdf955-ndp88/ERROR/locust.user.users: No available load-test users
Traceback (most recent call last):
  File "/opt/render/project/src/loadtests/locustfile.py", line 56, in acquire
    return self._pool.get(timeout=5)
           ~~~~~~~~~~~~~~^^^^^^^^^^^
  File "/opt/render/project/python/Python-3.13.4/lib/python3.13/queue.py", line 212, in get
    raise Empty
_queue.Empty

The above exception was the direct cause of the following exception:

Traceback (most recent call last):
  File "/opt/render/project/src/loadtests/locustfile.py", line 108, in on_start
    self.credential = CREDENTIAL_POOL.acquire()
                      ~~~~~~~~~~~~~~~~~~~~~~~^^
  File "/opt/render/project/src/loadtests/locustfile.py", line 58, in acquire
    raise RuntimeError("No available load-test users") from exc
RuntimeError: No available load-test users

The above exception was the direct cause of the following exception:

Traceback (most recent call last):
  File "/opt/render/project/src/.venv/lib/python3.13/site-packages/locust/user/users.py", line 160, in run
    self.on_start()
    ~~~~~~~~~~~~~^^
  File "/opt/render/project/src/loadtests/locustfile.py", line 110, in on_start
    raise RescheduleTask(str(exc)) from exc
locust.exception.RescheduleTask: No available load-test users

Traceback (most recent call last):
  File "/opt/render/project/src/loadtests/locustfile.py", line 56, in acquire
    return self._pool.get(timeout=5)
           ~~~~~~~~~~~~~~^^^^^^^^^^^
  File "/opt/render/project/python/Python-3.13.4/lib/python3.13/queue.py", line 212, in get
    raise Empty
_queue.Empty

The above exception was the direct cause of the following exception:

Traceback (most recent call last):
  File "/opt/render/project/src/loadtests/locustfile.py", line 108, in on_start
    self.credential = CREDENTIAL_POOL.acquire()
                      ~~~~~~~~~~~~~~~~~~~~~~~^^
  File "/opt/render/project/src/loadtests/locustfile.py", line 58, in acquire
    raise RuntimeError("No available load-test users") from exc
RuntimeError: No available load-test users

The above exception was the direct cause of the following exception:

Traceback (most recent call last):
  File "src/gevent/greenlet.py", line 906, in gevent._gevent_cgreenlet.Greenlet.run
  File "/opt/render/project/src/.venv/lib/python3.13/site-packages/locust/user/users.py", line 198, in run_user
    user.run()
    ~~~~~~~~^^
  File "/opt/render/project/src/.venv/lib/python3.13/site-packages/locust/user/users.py", line 160, in run
    self.on_start()
    ~~~~~~~~~~~~~^^
  File "/opt/render/project/src/loadtests/locustfile.py", line 110, in on_start
    raise RescheduleTask(str(exc)) from exc
locust.exception.RescheduleTask: No available load-test users
2025-12-01T06:34:25Z <Greenlet at 0x73bc66e81800: run_user(<locustfile.RecipeOpsUser object at 0x73bc67156960)> failed with RescheduleTask

[2025-12-01 06:34:25,754] srv-d3r8t01r0fns73fusa00-5b7fcdf955-ndp88/ERROR/locust.user.users: No available load-test users
Traceback (most recent call last):
  File "/opt/render/project/src/loadtests/locustfile.py", line 56, in acquire
    return self._pool.get(timeout=5)
           ~~~~~~~~~~~~~~^^^^^^^^^^^
  File "/opt/render/project/python/Python-3.13.4/lib/python3.13/queue.py", line 212, in get
    raise Empty
_queue.Empty

The above exception was the direct cause of the following exception:

Traceback (most recent call last):
  File "/opt/render/project/src/loadtests/locustfile.py", line 108, in on_start
    self.credential = CREDENTIAL_POOL.acquire()
                      ~~~~~~~~~~~~~~~~~~~~~~~^^
  File "/opt/render/project/src/loadtests/locustfile.py", line 58, in acquire
    raise RuntimeError("No available load-test users") from exc
RuntimeError: No available load-test users

The above exception was the direct cause of the following exception:

Traceback (most recent call last):
  File "/opt/render/project/src/.venv/lib/python3.13/site-packages/locust/user/users.py", line 160, in run
    self.on_start()
    ~~~~~~~~~~~~~^^
  File "/opt/render/project/src/loadtests/locustfile.py", line 110, in on_start
    raise RescheduleTask(str(exc)) from exc
locust.exception.RescheduleTask: No available load-test users

Traceback (most recent call last):
  File "/opt/render/project/src/loadtests/locustfile.py", line 56, in acquire
    return self._pool.get(timeout=5)
           ~~~~~~~~~~~~~~^^^^^^^^^^^
  File "/opt/render/project/python/Python-3.13.4/lib/python3.13/queue.py", line 212, in get
    raise Empty
_queue.Empty

The above exception was the direct cause of the following exception:

Traceback (most recent call last):
  File "/opt/render/project/src/loadtests/locustfile.py", line 108, in on_start
    self.credential = CREDENTIAL_POOL.acquire()
                      ~~~~~~~~~~~~~~~~~~~~~~~^^
  File "/opt/render/project/src/loadtests/locustfile.py", line 58, in acquire
    raise RuntimeError("No available load-test users") from exc
RuntimeError: No available load-test users

The above exception was the direct cause of the following exception:

Traceback (most recent call last):
  File "src/gevent/greenlet.py", line 906, in gevent._gevent_cgreenlet.Greenlet.run
  File "/opt/render/project/src/.venv/lib/python3.13/site-packages/locust/user/users.py", line 198, in run_user
    user.run()
    ~~~~~~~~^^
  File "/opt/render/project/src/.venv/lib/python3.13/site-packages/locust/user/users.py", line 160, in run
    self.on_start()
    ~~~~~~~~~~~~~^^
  File "/opt/render/project/src/loadtests/locustfile.py", line 110, in on_start
    raise RescheduleTask(str(exc)) from exc
locust.exception.RescheduleTask: No available load-test users
2025-12-01T06:34:25Z <Greenlet at 0x73bc66e81940: run_user(<locustfile.RecipeOpsUser object at 0x73bc66f969f0)> failed with RescheduleTask

[2025-12-01 06:34:25,756] srv-d3r8t01r0fns73fusa00-5b7fcdf955-ndp88/ERROR/locust.user.users: No available load-test users
Traceback (most recent call last):
  File "/opt/render/project/src/loadtests/locustfile.py", line 56, in acquire
    return self._pool.get(timeout=5)
           ~~~~~~~~~~~~~~^^^^^^^^^^^
  File "/opt/render/project/python/Python-3.13.4/lib/python3.13/queue.py", line 212, in get
    raise Empty
_queue.Empty

The above exception was the direct cause of the following exception:

Traceback (most recent call last):
  File "/opt/render/project/src/loadtests/locustfile.py", line 108, in on_start
    self.credential = CREDENTIAL_POOL.acquire()
                      ~~~~~~~~~~~~~~~~~~~~~~~^^
  File "/opt/render/project/src/loadtests/locustfile.py", line 58, in acquire
    raise RuntimeError("No available load-test users") from exc
RuntimeError: No available load-test users

The above exception was the direct cause of the following exception:

Traceback (most recent call last):
  File "/opt/render/project/src/.venv/lib/python3.13/site-packages/locust/user/users.py", line 160, in run
    self.on_start()
    ~~~~~~~~~~~~~^^
  File "/opt/render/project/src/loadtests/locustfile.py", line 110, in on_start
    raise RescheduleTask(str(exc)) from exc
locust.exception.RescheduleTask: No available load-test users

Traceback (most recent call last):
  File "/opt/render/project/src/loadtests/locustfile.py", line 56, in acquire
    return self._pool.get(timeout=5)
           ~~~~~~~~~~~~~~^^^^^^^^^^^
  File "/opt/render/project/python/Python-3.13.4/lib/python3.13/queue.py", line 212, in get
    raise Empty
_queue.Empty

The above exception was the direct cause of the following exception:

Traceback (most recent call last):
  File "/opt/render/project/src/loadtests/locustfile.py", line 108, in on_start
    self.credential = CREDENTIAL_POOL.acquire()
                      ~~~~~~~~~~~~~~~~~~~~~~~^^
  File "/opt/render/project/src/loadtests/locustfile.py", line 58, in acquire
    raise RuntimeError("No available load-test users") from exc
RuntimeError: No available load-test users

The above exception was the direct cause of the following exception:

Traceback (most recent call last):
  File "src/gevent/greenlet.py", line 906, in gevent._gevent_cgreenlet.Greenlet.run
  File "/opt/render/project/src/.venv/lib/python3.13/site-packages/locust/user/users.py", line 198, in run_user
    user.run()
    ~~~~~~~~^^
  File "/opt/render/project/src/.venv/lib/python3.13/site-packages/locust/user/users.py", line 160, in run
    self.on_start()
    ~~~~~~~~~~~~~^^
  File "/opt/render/project/src/loadtests/locustfile.py", line 110, in on_start
    raise RescheduleTask(str(exc)) from exc
locust.exception.RescheduleTask: No available load-test users
2025-12-01T06:34:25Z <Greenlet at 0x73bc66e81a80: run_user(<locustfile.RecipeOpsUser object at 0x73bc66f96840)> failed with RescheduleTask

[2025-12-01 06:34:25,758] srv-d3r8t01r0fns73fusa00-5b7fcdf955-ndp88/ERROR/locust.user.users: No available load-test users
Traceback (most recent call last):
  File "/opt/render/project/src/loadtests/locustfile.py", line 56, in acquire
    return self._pool.get(timeout=5)
           ~~~~~~~~~~~~~~^^^^^^^^^^^
  File "/opt/render/project/python/Python-3.13.4/lib/python3.13/queue.py", line 212, in get
    raise Empty
_queue.Empty

The above exception was the direct cause of the following exception:

Traceback (most recent call last):
  File "/opt/render/project/src/loadtests/locustfile.py", line 108, in on_start
    self.credential = CREDENTIAL_POOL.acquire()
                      ~~~~~~~~~~~~~~~~~~~~~~~^^
  File "/opt/render/project/src/loadtests/locustfile.py", line 58, in acquire
    raise RuntimeError("No available load-test users") from exc
RuntimeError: No available load-test users

The above exception was the direct cause of the following exception:

Traceback (most recent call last):
  File "/opt/render/project/src/.venv/lib/python3.13/site-packages/locust/user/users.py", line 160, in run
    self.on_start()
    ~~~~~~~~~~~~~^^
  File "/opt/render/project/src/loadtests/locustfile.py", line 110, in on_start
    raise RescheduleTask(str(exc)) from exc
locust.exception.RescheduleTask: No available load-test users

Traceback (most recent call last):
  File "/opt/render/project/src/loadtests/locustfile.py", line 56, in acquire
    return self._pool.get(timeout=5)
           ~~~~~~~~~~~~~~^^^^^^^^^^^
  File "/opt/render/project/python/Python-3.13.4/lib/python3.13/queue.py", line 212, in get
    raise Empty
_queue.Empty

The above exception was the direct cause of the following exception:

Traceback (most recent call last):
  File "/opt/render/project/src/loadtests/locustfile.py", line 108, in on_start
    self.credential = CREDENTIAL_POOL.acquire()
                      ~~~~~~~~~~~~~~~~~~~~~~~^^
  File "/opt/render/project/src/loadtests/locustfile.py", line 58, in acquire
    raise RuntimeError("No available load-test users") from exc
RuntimeError: No available load-test users

The above exception was the direct cause of the following exception:

Traceback (most recent call last):
  File "src/gevent/greenlet.py", line 906, in gevent._gevent_cgreenlet.Greenlet.run
  File "/opt/render/project/src/.venv/lib/python3.13/site-packages/locust/user/users.py", line 198, in run_user
    user.run()
    ~~~~~~~~^^
  File "/opt/render/project/src/.venv/lib/python3.13/site-packages/locust/user/users.py", line 160, in run
    self.on_start()
    ~~~~~~~~~~~~~^^
  File "/opt/render/project/src/loadtests/locustfile.py", line 110, in on_start
    raise RescheduleTask(str(exc)) from exc
locust.exception.RescheduleTask: No available load-test users
2025-12-01T06:34:25Z <Greenlet at 0x73bc66e81bc0: run_user(<locustfile.RecipeOpsUser object at 0x73bc66f96b10)> failed with RescheduleTask

[2025-12-01 06:34:25,760] srv-d3r8t01r0fns73fusa00-5b7fcdf955-ndp88/ERROR/locust.user.users: No available load-test users
Traceback (most recent call last):
  File "/opt/render/project/src/loadtests/locustfile.py", line 56, in acquire
    return self._pool.get(timeout=5)
           ~~~~~~~~~~~~~~^^^^^^^^^^^
  File "/opt/render/project/python/Python-3.13.4/lib/python3.13/queue.py", line 212, in get
    raise Empty
_queue.Empty

The above exception was the direct cause of the following exception:

Traceback (most recent call last):
  File "/opt/render/project/src/loadtests/locustfile.py", line 108, in on_start
    self.credential = CREDENTIAL_POOL.acquire()
                      ~~~~~~~~~~~~~~~~~~~~~~~^^
  File "/opt/render/project/src/loadtests/locustfile.py", line 58, in acquire
    raise RuntimeError("No available load-test users") from exc
RuntimeError: No available load-test users

The above exception was the direct cause of the following exception:

Traceback (most recent call last):
  File "/opt/render/project/src/.venv/lib/python3.13/site-packages/locust/user/users.py", line 160, in run
    self.on_start()
    ~~~~~~~~~~~~~^^
  File "/opt/render/project/src/loadtests/locustfile.py", line 110, in on_start
    raise RescheduleTask(str(exc)) from exc
locust.exception.RescheduleTask: No available load-test users

Traceback (most recent call last):
  File "/opt/render/project/src/loadtests/locustfile.py", line 56, in acquire
    return self._pool.get(timeout=5)
           ~~~~~~~~~~~~~~^^^^^^^^^^^
  File "/opt/render/project/python/Python-3.13.4/lib/python3.13/queue.py", line 212, in get
    raise Empty
_queue.Empty

The above exception was the direct cause of the following exception:

Traceback (most recent call last):
  File "/opt/render/project/src/loadtests/locustfile.py", line 108, in on_start
    self.credential = CREDENTIAL_POOL.acquire()
                      ~~~~~~~~~~~~~~~~~~~~~~~^^
  File "/opt/render/project/src/loadtests/locustfile.py", line 58, in acquire
    raise RuntimeError("No available load-test users") from exc
RuntimeError: No available load-test users

The above exception was the direct cause of the following exception:

Traceback (most recent call last):
  File "src/gevent/greenlet.py", line 906, in gevent._gevent_cgreenlet.Greenlet.run
  File "/opt/render/project/src/.venv/lib/python3.13/site-packages/locust/user/users.py", line 198, in run_user
    user.run()
    ~~~~~~~~^^
  File "/opt/render/project/src/.venv/lib/python3.13/site-packages/locust/user/users.py", line 160, in run
    self.on_start()
    ~~~~~~~~~~~~~^^
  File "/opt/render/project/src/loadtests/locustfile.py", line 110, in on_start
    raise RescheduleTask(str(exc)) from exc
locust.exception.RescheduleTask: No available load-test users
2025-12-01T06:34:25Z <Greenlet at 0x73bc66e81d00: run_user(<locustfile.RecipeOpsUser object at 0x73bc66e4ecc0)> failed with RescheduleTask

[2025-12-01 06:34:25,763] srv-d3r8t01r0fns73fusa00-5b7fcdf955-ndp88/ERROR/locust.user.users: No available load-test users
Traceback (most recent call last):
  File "/opt/render/project/src/loadtests/locustfile.py", line 56, in acquire
    return self._pool.get(timeout=5)
           ~~~~~~~~~~~~~~^^^^^^^^^^^
  File "/opt/render/project/python/Python-3.13.4/lib/python3.13/queue.py", line 212, in get
    raise Empty
_queue.Empty

The above exception was the direct cause of the following exception:

Traceback (most recent call last):
  File "/opt/render/project/src/loadtests/locustfile.py", line 108, in on_start
    self.credential = CREDENTIAL_POOL.acquire()
                      ~~~~~~~~~~~~~~~~~~~~~~~^^
  File "/opt/render/project/src/loadtests/locustfile.py", line 58, in acquire
    raise RuntimeError("No available load-test users") from exc
RuntimeError: No available load-test users

The above exception was the direct cause of the following exception:

Traceback (most recent call last):
  File "/opt/render/project/src/.venv/lib/python3.13/site-packages/locust/user/users.py", line 160, in run
    self.on_start()
    ~~~~~~~~~~~~~^^
  File "/opt/render/project/src/loadtests/locustfile.py", line 110, in on_start
    raise RescheduleTask(str(exc)) from exc
locust.exception.RescheduleTask: No available load-test users

Traceback (most recent call last):
  File "/opt/render/project/src/loadtests/locustfile.py", line 56, in acquire
    return self._pool.get(timeout=5)
           ~~~~~~~~~~~~~~^^^^^^^^^^^
  File "/opt/render/project/python/Python-3.13.4/lib/python3.13/queue.py", line 212, in get
    raise Empty
_queue.Empty

The above exception was the direct cause of the following exception:

Traceback (most recent call last):
  File "/opt/render/project/src/loadtests/locustfile.py", line 108, in on_start
    self.credential = CREDENTIAL_POOL.acquire()
                      ~~~~~~~~~~~~~~~~~~~~~~~^^
  File "/opt/render/project/src/loadtests/locustfile.py", line 58, in acquire
    raise RuntimeError("No available load-test users") from exc
RuntimeError: No available load-test users

The above exception was the direct cause of the following exception:

Traceback (most recent call last):
  File "src/gevent/greenlet.py", line 906, in gevent._gevent_cgreenlet.Greenlet.run
  File "/opt/render/project/src/.venv/lib/python3.13/site-packages/locust/user/users.py", line 198, in run_user
    user.run()
    ~~~~~~~~^^
  File "/opt/render/project/src/.venv/lib/python3.13/site-packages/locust/user/users.py", line 160, in run
    self.on_start()
    ~~~~~~~~~~~~~^^
  File "/opt/render/project/src/loadtests/locustfile.py", line 110, in on_start
    raise RescheduleTask(str(exc)) from exc
locust.exception.RescheduleTask: No available load-test users
2025-12-01T06:34:25Z <Greenlet at 0x73bc66e81e40: run_user(<locustfile.RecipeOpsUser object at 0x73bc66e4ec30)> failed with RescheduleTask

[2025-12-01 06:34:25,765] srv-d3r8t01r0fns73fusa00-5b7fcdf955-ndp88/ERROR/locust.user.users: No available load-test users
Traceback (most recent call last):
  File "/opt/render/project/src/loadtests/locustfile.py", line 56, in acquire
    return self._pool.get(timeout=5)
           ~~~~~~~~~~~~~~^^^^^^^^^^^
  File "/opt/render/project/python/Python-3.13.4/lib/python3.13/queue.py", line 212, in get
    raise Empty
_queue.Empty

The above exception was the direct cause of the following exception:

Traceback (most recent call last):
  File "/opt/render/project/src/loadtests/locustfile.py", line 108, in on_start
    self.credential = CREDENTIAL_POOL.acquire()
                      ~~~~~~~~~~~~~~~~~~~~~~~^^
  File "/opt/render/project/src/loadtests/locustfile.py", line 58, in acquire
    raise RuntimeError("No available load-test users") from exc
RuntimeError: No available load-test users

The above exception was the direct cause of the following exception:

Traceback (most recent call last):
  File "/opt/render/project/src/.venv/lib/python3.13/site-packages/locust/user/users.py", line 160, in run
    self.on_start()
    ~~~~~~~~~~~~~^^
  File "/opt/render/project/src/loadtests/locustfile.py", line 110, in on_start
    raise RescheduleTask(str(exc)) from exc
locust.exception.RescheduleTask: No available load-test users

Traceback (most recent call last):
  File "/opt/render/project/src/loadtests/locustfile.py", line 56, in acquire
    return self._pool.get(timeout=5)
           ~~~~~~~~~~~~~~^^^^^^^^^^^
  File "/opt/render/project/python/Python-3.13.4/lib/python3.13/queue.py", line 212, in get
    raise Empty
_queue.Empty

The above exception was the direct cause of the following exception:

Traceback (most recent call last):
  File "/opt/render/project/src/loadtests/locustfile.py", line 108, in on_start
    self.credential = CREDENTIAL_POOL.acquire()
                      ~~~~~~~~~~~~~~~~~~~~~~~^^
  File "/opt/render/project/src/loadtests/locustfile.py", line 58, in acquire
    raise RuntimeError("No available load-test users") from exc
RuntimeError: No available load-test users

The above exception was the direct cause of the following exception:

Traceback (most recent call last):
  File "src/gevent/greenlet.py", line 906, in gevent._gevent_cgreenlet.Greenlet.run
  File "/opt/render/project/src/.venv/lib/python3.13/site-packages/locust/user/users.py", line 198, in run_user
    user.run()
    ~~~~~~~~^^
  File "/opt/render/project/src/.venv/lib/python3.13/site-packages/locust/user/users.py", line 160, in run
    self.on_start()
    ~~~~~~~~~~~~~^^
  File "/opt/render/project/src/loadtests/locustfile.py", line 110, in on_start
    raise RescheduleTask(str(exc)) from exc
locust.exception.RescheduleTask: No available load-test users
2025-12-01T06:34:25Z <Greenlet at 0x73bc66e81f80: run_user(<locustfile.RecipeOpsUser object at 0x73bc66e4eba0)> failed with RescheduleTask

[2025-12-01 06:34:25,768] srv-d3r8t01r0fns73fusa00-5b7fcdf955-ndp88/ERROR/locust.user.users: No available load-test users
Traceback (most recent call last):
  File "/opt/render/project/src/loadtests/locustfile.py", line 56, in acquire
    return self._pool.get(timeout=5)
           ~~~~~~~~~~~~~~^^^^^^^^^^^
  File "/opt/render/project/python/Python-3.13.4/lib/python3.13/queue.py", line 212, in get
    raise Empty
_queue.Empty

The above exception was the direct cause of the following exception:

Traceback (most recent call last):
  File "/opt/render/project/src/loadtests/locustfile.py", line 108, in on_start
    self.credential = CREDENTIAL_POOL.acquire()
                      ~~~~~~~~~~~~~~~~~~~~~~~^^
  File "/opt/render/project/src/loadtests/locustfile.py", line 58, in acquire
    raise RuntimeError("No available load-test users") from exc
RuntimeError: No available load-test users

The above exception was the direct cause of the following exception:

Traceback (most recent call last):
  File "/opt/render/project/src/.venv/lib/python3.13/site-packages/locust/user/users.py", line 160, in run
    self.on_start()
    ~~~~~~~~~~~~~^^
  File "/opt/render/project/src/loadtests/locustfile.py", line 110, in on_start
    raise RescheduleTask(str(exc)) from exc
locust.exception.RescheduleTask: No available load-test users

Traceback (most recent call last):
  File "/opt/render/project/src/loadtests/locustfile.py", line 56, in acquire
    return self._pool.get(timeout=5)
           ~~~~~~~~~~~~~~^^^^^^^^^^^
  File "/opt/render/project/python/Python-3.13.4/lib/python3.13/queue.py", line 212, in get
    raise Empty
_queue.Empty

The above exception was the direct cause of the following exception:

Traceback (most recent call last):
  File "/opt/render/project/src/loadtests/locustfile.py", line 108, in on_start
    self.credential = CREDENTIAL_POOL.acquire()
                      ~~~~~~~~~~~~~~~~~~~~~~~^^
  File "/opt/render/project/src/loadtests/locustfile.py", line 58, in acquire
    raise RuntimeError("No available load-test users") from exc
RuntimeError: No available load-test users

The above exception was the direct cause of the following exception:

Traceback (most recent call last):
  File "src/gevent/greenlet.py", line 906, in gevent._gevent_cgreenlet.Greenlet.run
  File "/opt/render/project/src/.venv/lib/python3.13/site-packages/locust/user/users.py", line 198, in run_user
    user.run()
    ~~~~~~~~^^
  File "/opt/render/project/src/.venv/lib/python3.13/site-packages/locust/user/users.py", line 160, in run
    self.on_start()
    ~~~~~~~~~~~~~^^
  File "/opt/render/project/src/loadtests/locustfile.py", line 110, in on_start
    raise RescheduleTask(str(exc)) from exc
locust.exception.RescheduleTask: No available load-test users
2025-12-01T06:34:25Z <Greenlet at 0x73bc66e820c0: run_user(<locustfile.RecipeOpsUser object at 0x73bc66e4eb10)> failed with RescheduleTask

Type     Name                                                                          # reqs      # fails |    Avg     Min     Max    Med |   req/s  failures/s
--------|----------------------------------------------------------------------------|-------|-------------|-------|-------|-------|-------|--------|-----------
GET      auth.login.page                                                                  500 500(100.00%) |    985     170    2089    970 |   32.80       32.80
GET      public.global_items                                                               15  15(100.00%) |    372      28    1482     49 |    1.10        1.10
GET      public.homepage                                                                   25  25(100.00%) |    252      25    1487     38 |    1.40        1.40
GET      public.recipe_library                                                             12  12(100.00%) |    321      28    1482    200 |    0.80        0.80
GET      public.signup                                                                      9   9(100.00%) |     71      27     295     31 |    0.40        0.40
GET      public.tools                                                                      14  14(100.00%) |    226      27    1008     55 |    0.90        0.90
--------|----------------------------------------------------------------------------|-------|-------------|-------|-------|-------|-------|--------|-----------
         Aggregated                                                                       575 575(100.00%) |    891      25    2089    840 |   37.40       37.40

Type     Name                                                                          # reqs      # fails |    Avg     Min     Max    Med |   req/s  failures/s
--------|----------------------------------------------------------------------------|-------|-------------|-------|-------|-------|-------|--------|-----------
GET      auth.login.page                                                                  500 500(100.00%) |    985     170    2089    970 |   20.20       20.20
GET      public.global_items                                                               16  16(100.00%) |    351      27    1482     37 |    1.20        1.20
GET      public.homepage                                                                   31  31(100.00%) |    209      25    1487     36 |    1.80        1.80
GET      public.recipe_library                                                             13  13(100.00%) |    299      28    1482    200 |    0.70        0.70
GET      public.signup                                                                     10  10(100.00%) |     67      27     295     30 |    0.80        0.80
GET      public.tools                                                                      17  17(100.00%) |    191      27    1008     32 |    1.00        1.00
--------|----------------------------------------------------------------------------|-------|-------------|-------|-------|-------|-------|--------|-----------
         Aggregated                                                                       587 587(100.00%) |    873      25    2089    820 |   25.70       25.70

Type     Name                                                                          # reqs      # fails |    Avg     Min     Max    Med |   req/s  failures/s
--------|----------------------------------------------------------------------------|-------|-------------|-------|-------|-------|-------|--------|-----------
GET      auth.login.page                                                                  500 500(100.00%) |    985     170    2089    970 |    6.70        6.70
GET      public.global_items                                                               18  18(100.00%) |    315      27    1482     34 |    1.10        1.10
GET      public.homepage                                                                   39  39(100.00%) |    173      25    1487     32 |    2.50        2.50
GET      public.recipe_library                                                             13  13(100.00%) |    299      28    1482    200 |    0.70        0.70
GET      public.signup                                                                     11  11(100.00%) |     63      27     295     30 |    0.80        0.80
GET      public.tools                                                                      18  18(100.00%) |    182      25    1008     31 |    0.90        0.90
--------|----------------------------------------------------------------------------|-------|-------------|-------|-------|-------|-------|--------|-----------
         Aggregated                                                                       599 599(100.00%) |    856      25    2089    770 |   12.70       12.70

Type     Name                                                                          # reqs      # fails |    Avg     Min     Max    Med |   req/s  failures/s
--------|----------------------------------------------------------------------------|-------|-------------|-------|-------|-------|-------|--------|-----------
GET      auth.login.page                                                                  500 500(100.00%) |    985     170    2089    970 |    0.00        0.00
GET      public.global_items                                                               19  19(100.00%) |    300      27    1482     34 |    0.80        0.80
GET      public.homepage                                                                   43  43(100.00%) |    160      25    1487     32 |    2.40        2.40
GET      public.recipe_library                                                             14  14(100.00%) |    280      27    1482    110 |    0.50        0.50
GET      public.signup                                                                     11  11(100.00%) |     63      27     295     30 |    0.60        0.60
GET      public.tools                                                                      21  21(100.00%) |    160      25    1008     31 |    1.00        1.00
--------|----------------------------------------------------------------------------|-------|-------------|-------|-------|-------|-------|--------|-----------
         Aggregated                                                                       608 608(100.00%) |    844      25    2089    750 |    5.30        5.30

Type     Name                                                                          # reqs      # fails |    Avg     Min     Max    Med |   req/s  failures/s
--------|----------------------------------------------------------------------------|-------|-------------|-------|-------|-------|-------|--------|-----------
GET      auth.login.page                                                                  500 500(100.00%) |    985     170    2089    970 |    0.00        0.00
GET      public.global_items                                                               20  20(100.00%) |    287      27    1482     33 |    0.80        0.80
GET      public.homepage                                                                   48  48(100.00%) |    146      25    1487     32 |    2.70        2.70
GET      public.recipe_library                                                             15  15(100.00%) |    264      27    1482    110 |    0.60        0.60
GET      public.signup                                                                     13  13(100.00%) |     58      27     295     30 |    0.70        0.70
GET      public.tools                                                                      23  23(100.00%) |    149      25    1008     31 |    0.90        0.90
--------|----------------------------------------------------------------------------|-------|-------------|-------|-------|-------|-------|--------|-----------
         Aggregated                                                                       619 619(100.00%) |    830      25    2089    720 |    5.70        5.70

Type     Name                                                                          # reqs      # fails |    Avg     Min     Max    Med |   req/s  failures/s
--------|----------------------------------------------------------------------------|-------|-------------|-------|-------|-------|-------|--------|-----------
GET      auth.login.page                                                                  500 500(100.00%) |    985     170    2089    970 |    0.00        0.00
GET      public.global_items                                                               25  25(100.00%) |    236      25    1482     33 |    0.70        0.70
GET      public.homepage                                                                   50  50(100.00%) |    142      25    1487     32 |    2.70        2.70
GET      public.recipe_library                                                             18  18(100.00%) |    225      27    1482     39 |    0.40        0.40
GET      public.signup                                                                     15  15(100.00%) |     54      27     295     30 |    0.80        0.80
GET      public.tools                                                                      24  24(100.00%) |    144      25    1008     31 |    1.10        1.10
--------|----------------------------------------------------------------------------|-------|-------------|-------|-------|-------|-------|--------|-----------
         Aggregated                                                                       632 632(100.00%) |    813      25    2089    710 |    5.70        5.70

Type     Name                                                                          # reqs      # fails |    Avg     Min     Max    Med |   req/s  failures/s
--------|----------------------------------------------------------------------------|-------|-------------|-------|-------|-------|-------|--------|-----------
GET      auth.login.page                                                                  500 500(100.00%) |    985     170    2089    970 |    0.00        0.00
GET      public.global_items                                                               26  26(100.00%) |    228      25    1482     33 |    0.90        0.90
GET      public.homepage                                                                   52  52(100.00%) |    137      25    1487     32 |    2.70        2.70
GET      public.recipe_library                                                             22  22(100.00%) |    189      27    1482     33 |    0.60        0.60
GET      public.signup                                                                     15  15(100.00%) |     54      27     295     30 |    0.50        0.50
GET      public.tools                                                                      26  26(100.00%) |    135      25    1008     31 |    1.00        1.00
--------|----------------------------------------------------------------------------|-------|-------------|-------|-------|-------|-------|--------|-----------
         Aggregated                                                                       641 641(100.00%) |    802      25    2089    710 |    5.70        5.70

Type     Name                                                                          # reqs      # fails |    Avg     Min     Max    Med |   req/s  failures/s
--------|----------------------------------------------------------------------------|-------|-------------|-------|-------|-------|-------|--------|-----------
GET      auth.login.page                                                                  500 500(100.00%) |    985     170    2089    970 |    0.00        0.00
GET      public.global_items                                                               27  27(100.00%) |    221      25    1482     33 |    1.00        1.00
GET      public.homepage                                                                   60  60(100.00%) |    123      25    1487     31 |    1.90        1.90
GET      public.recipe_library                                                             23  23(100.00%) |    183      27    1482     33 |    0.60        0.60
GET      public.signup                                                                     15  15(100.00%) |     54      27     295     30 |    0.60        0.60
GET      public.tools                                                                      28  28(100.00%) |    127      25    1008     31 |    0.80        0.80
--------|----------------------------------------------------------------------------|-------|-------------|-------|-------|-------|-------|--------|-----------
         Aggregated                                                                       653 653(100.00%) |    788      25    2089    700 |    4.90        4.90

Type     Name                                                                          # reqs      # fails |    Avg     Min     Max    Med |   req/s  failures/s
--------|----------------------------------------------------------------------------|-------|-------------|-------|-------|-------|-------|--------|-----------
GET      auth.login.page                                                                  500 500(100.00%) |    985     170    2089    970 |    0.00        0.00
GET      public.global_items                                                               28  28(100.00%) |    214      25    1482     33 |    1.00        1.00
GET      public.homepage                                                                   62  62(100.00%) |    120      25    1487     31 |    2.20        2.20
GET      public.recipe_library                                                             24  24(100.00%) |    176      27    1482     33 |    0.90        0.90
GET      public.signup                                                                     18  18(100.00%) |     50      27     295     30 |    0.50        0.50
GET      public.tools                                                                      31  31(100.00%) |    118      25    1008     31 |    1.00        1.00
--------|----------------------------------------------------------------------------|-------|-------------|-------|-------|-------|-------|--------|-----------
         Aggregated                                                                       663 663(100.00%) |    777      25    2089    680 |    5.60        5.60

Type     Name                                                                          # reqs      # fails |    Avg     Min     Max    Med |   req/s  failures/s
--------|----------------------------------------------------------------------------|-------|-------------|-------|-------|-------|-------|--------|-----------
GET      auth.login.page                                                                  500 500(100.00%) |    985     170    2089    970 |    0.00        0.00
GET      public.global_items                                                               30  30(100.00%) |    202      25    1482     33 |    0.80        0.80
GET      public.homepage                                                                   65  65(100.00%) |    116      25    1487     31 |    2.00        2.00
GET      public.recipe_library                                                             25  25(100.00%) |    171      27    1482     33 |    1.00        1.00
GET      public.signup                                                                     19  19(100.00%) |     48      27     295     30 |    0.50        0.50
GET      public.tools                                                                      32  32(100.00%) |    115      25    1008     30 |    0.90        0.90
--------|----------------------------------------------------------------------------|-------|-------------|-------|-------|-------|-------|--------|-----------
         Aggregated                                                                       671 671(100.00%) |    768      25    2089    670 |    5.20        5.20

Type     Name                                                                          # reqs      # fails |    Avg     Min     Max    Med |   req/s  failures/s
--------|----------------------------------------------------------------------------|-------|-------------|-------|-------|-------|-------|--------|-----------
GET      auth.login.page                                                                  500 500(100.00%) |    985     170    2089    970 |    0.00        0.00
GET      public.global_items                                                               34  34(100.00%) |    181      25    1482     32 |    1.00        1.00
GET      public.homepage                                                                   69  69(100.00%) |    111      25    1487     31 |    1.80        1.80
GET      public.recipe_library                                                             29  29(100.00%) |    151      26    1482     32 |    0.90        0.90
GET      public.signup                                                                     19  19(100.00%) |     48      27     295     30 |    0.50        0.50
GET      public.tools                                                                      36  36(100.00%) |    106      25    1008     30 |    0.90        0.90
--------|----------------------------------------------------------------------------|-------|-------------|-------|-------|-------|-------|--------|-----------
         Aggregated                                                                       687 687(100.00%) |    751      25    2089    660 |    5.10        5.10

Type     Name                                                                          # reqs      # fails |    Avg     Min     Max    Med |   req/s  failures/s
--------|----------------------------------------------------------------------------|-------|-------------|-------|-------|-------|-------|--------|-----------
GET      auth.login.page                                                                  500 500(100.00%) |    985     170    2089    970 |    0.00        0.00
GET      public.global_items                                                               34  34(100.00%) |    181      25    1482     32 |    1.10        1.10
GET      public.homepage                                                                   71  71(100.00%) |    109      25    1487     31 |    1.70        1.70
GET      public.recipe_library                                                             33  33(100.00%) |    136      26    1482     31 |    0.90        0.90
GET      public.signup                                                                     19  19(100.00%) |     48      27     295     30 |    0.50        0.50
GET      public.tools                                                                      37  37(100.00%) |    104      25    1008     30 |    1.00        1.00
--------|----------------------------------------------------------------------------|-------|-------------|-------|-------|-------|-------|--------|-----------
         Aggregated                                                                       694 694(100.00%) |    743      25    2089    650 |    5.20        5.20

Type     Name                                                                          # reqs      # fails |    Avg     Min     Max    Med |   req/s  failures/s
--------|----------------------------------------------------------------------------|-------|-------------|-------|-------|-------|-------|--------|-----------
GET      auth.login.page                                                                  500 500(100.00%) |    985     170    2089    970 |    0.00        0.00
GET      public.global_items                                                               37  37(100.00%) |    169      25    1482     32 |    0.80        0.80
GET      public.homepage                                                                   75  75(100.00%) |    105      25    1487     31 |    2.10        2.10
GET      public.recipe_library                                                             36  36(100.00%) |    127      26    1482     30 |    1.10        1.10
GET      public.signup                                                                     20  20(100.00%) |     48      27     295     30 |    0.40        0.40
GET      public.tools                                                                      39  39(100.00%) |    100      25    1008     30 |    1.20        1.20
--------|----------------------------------------------------------------------------|-------|-------------|-------|-------|-------|-------|--------|-----------
         Aggregated                                                                       707 707(100.00%) |    730      25    2089    620 |    5.60        5.60

Type     Name                                                                          # reqs      # fails |    Avg     Min     Max    Med |   req/s  failures/s
--------|----------------------------------------------------------------------------|-------|-------------|-------|-------|-------|-------|--------|-----------
GET      auth.login.page                                                                  500 500(100.00%) |    985     170    2089    970 |    0.00        0.00
GET      public.global_items                                                               40  40(100.00%) |    159      25    1482     31 |    1.00        1.00
GET      public.homepage                                                                   78  78(100.00%) |    102      25    1487     31 |    1.70        1.70
GET      public.recipe_library                                                             36  36(100.00%) |    127      26    1482     30 |    1.40        1.40
GET      public.signup                                                                     22  22(100.00%) |     46      26     295     29 |    0.40        0.40
GET      public.tools                                                                      41  41(100.00%) |     96      25    1008     30 |    1.10        1.10
--------|----------------------------------------------------------------------------|-------|-------------|-------|-------|-------|-------|--------|-----------
         Aggregated                                                                       717 717(100.00%) |    720      25    2089    610 |    5.60        5.60

Type     Name                                                                          # reqs      # fails |    Avg     Min     Max    Med |   req/s  failures/s
--------|----------------------------------------------------------------------------|-------|-------------|-------|-------|-------|-------|--------|-----------
GET      auth.login.page                                                                  500 500(100.00%) |    985     170    2089    970 |    0.00        0.00
GET      public.global_items                                                               41  41(100.00%) |    156      25    1482     31 |    1.00        1.00
GET      public.homepage                                                                   83  83(100.00%) |     98      25    1487     31 |    1.60        1.60
GET      public.recipe_library                                                             37  37(100.00%) |    124      26    1482     30 |    1.20        1.20
GET      public.signup                                                                     24  24(100.00%) |     44      25     295     29 |    0.50        0.50
GET      public.tools                                                                      42  42(100.00%) |     95      25    1008     30 |    1.00        1.00
--------|----------------------------------------------------------------------------|-------|-------------|-------|-------|-------|-------|--------|-----------
         Aggregated                                                                       727 727(100.00%) |    711      25    2089    600 |    5.30        5.30

Type     Name                                                                          # reqs      # fails |    Avg     Min     Max    Med |   req/s  failures/s
--------|----------------------------------------------------------------------------|-------|-------------|-------|-------|-------|-------|--------|-----------
GET      auth.login.page                                                                  500 500(100.00%) |    985     170    2089    970 |    0.00        0.00
GET      public.global_items                                                               46  46(100.00%) |    142      25    1482     30 |    1.20        1.20
GET      public.homepage                                                                   86  86(100.00%) |     95      25    1487     31 |    1.90        1.90
GET      public.recipe_library                                                             38  38(100.00%) |    122      26    1482     30 |    1.30        1.30
GET      public.signup                                                                     25  25(100.00%) |     44      25     295     30 |    0.60        0.60
GET      public.tools                                                                      44  44(100.00%) |     92      24    1008     30 |    1.00        1.00
--------|----------------------------------------------------------------------------|-------|-------------|-------|-------|-------|-------|--------|-----------
         Aggregated                                                                       739 739(100.00%) |    700      24    2089    580 |    6.00        6.00

Type     Name                                                                          # reqs      # fails |    Avg     Min     Max    Med |   req/s  failures/s
--------|----------------------------------------------------------------------------|-------|-------------|-------|-------|-------|-------|--------|-----------
GET      auth.login.page                                                                  500 500(100.00%) |    985     170    2089    970 |    0.00        0.00
GET      public.global_items                                                               51  51(100.00%) |    131      25    1482     30 |    0.90        0.90
GET      public.homepage                                                                   90  90(100.00%) |     92      25    1487     31 |    1.60        1.60
GET      public.recipe_library                                                             38  38(100.00%) |    122      26    1482     30 |    1.10        1.10
GET      public.signup                                                                     25  25(100.00%) |     44      25     295     30 |    0.60        0.60
GET      public.tools                                                                      46  46(100.00%) |     89      24    1008     30 |    0.90        0.90
--------|----------------------------------------------------------------------------|-------|-------------|-------|-------|-------|-------|--------|-----------
         Aggregated                                                                       750 750(100.00%) |    690      24    2089    570 |    5.10        5.10

Type     Name                                                                          # reqs      # fails |    Avg     Min     Max    Med |   req/s  failures/s
--------|----------------------------------------------------------------------------|-------|-------------|-------|-------|-------|-------|--------|-----------
GET      auth.login.page                                                                  500 500(100.00%) |    985     170    2089    970 |    0.00        0.00
GET      public.global_items                                                               54  54(100.00%) |    125      25    1482     30 |    1.60        1.60
GET      public.homepage                                                                   95  95(100.00%) |     89      25    1487     31 |    1.90        1.90
GET      public.recipe_library                                                             39  39(100.00%) |    120      26    1482     30 |    0.90        0.90
GET      public.signup                                                                     27  27(100.00%) |     43      25     295     30 |    0.60        0.60
GET      public.tools                                                                      47  47(100.00%) |     88      24    1008     30 |    0.90        0.90
--------|----------------------------------------------------------------------------|-------|-------------|-------|-------|-------|-------|--------|-----------
         Aggregated                                                                       762 762(100.00%) |    680      24    2089    560 |    5.90        5.90

Type     Name                                                                          # reqs      # fails |    Avg     Min     Max    Med |   req/s  failures/s
--------|----------------------------------------------------------------------------|-------|-------------|-------|-------|-------|-------|--------|-----------
GET      auth.login.page                                                                  500 500(100.00%) |    985     170    2089    970 |    0.00        0.00
GET      public.global_items                                                               55  55(100.00%) |    124      25    1482     30 |    1.50        1.50
GET      public.homepage                                                                  100 100(100.00%) |     86      25    1487     30 |    1.90        1.90
GET      public.recipe_library                                                             41  41(100.00%) |    115      26    1482     30 |    0.20        0.20
GET      public.signup                                                                     29  29(100.00%) |     42      25     295     30 |    0.80        0.80
GET      public.tools                                                                      49  49(100.00%) |     85      24    1008     30 |    0.80        0.80
--------|----------------------------------------------------------------------------|-------|-------------|-------|-------|-------|-------|--------|-----------
         Aggregated                                                                       774 774(100.00%) |    669      24    2089    560 |    5.20        5.20

Type     Name                                                                          # reqs      # fails |    Avg     Min     Max    Med |   req/s  failures/s
--------|----------------------------------------------------------------------------|-------|-------------|-------|-------|-------|-------|--------|-----------
GET      auth.login.page                                                                  500 500(100.00%) |    985     170    2089    970 |    0.00        0.00
GET      public.global_items                                                               56  56(100.00%) |    122      25    1482     30 |    1.70        1.70
GET      public.homepage                                                                  101 101(100.00%) |     85      25    1487     30 |    1.90        1.90
GET      public.recipe_library                                                             42  42(100.00%) |    113      26    1482     30 |    0.30        0.30
GET      public.signup                                                                     31  31(100.00%) |     41      25     295     30 |    0.90        0.90
GET      public.tools                                                                      52  52(100.00%) |     82      24    1008     30 |    0.90        0.90
--------|----------------------------------------------------------------------------|-------|-------------|-------|-------|-------|-------|--------|-----------
         Aggregated                                                                       782 782(100.00%) |    663      24    2089    560 |    5.70        5.70

Type     Name                                                                          # reqs      # fails |    Avg     Min     Max    Med |   req/s  failures/s
--------|----------------------------------------------------------------------------|-------|-------------|-------|-------|-------|-------|--------|-----------
GET      auth.login.page                                                                  500 500(100.00%) |    985     170    2089    970 |    0.00        0.00
GET      public.global_items                                                               60  60(100.00%) |    116      25    1482     30 |    1.50        1.50
GET      public.homepage                                                                  105 105(100.00%) |     83      25    1487     30 |    1.90        1.90
GET      public.recipe_library                                                             45  45(100.00%) |    108      26    1482     30 |    0.50        0.50
GET      public.signup                                                                     32  32(100.00%) |     41      25     295     29 |    0.70        0.70
GET      public.tools                                                                      56  56(100.00%) |     78      24    1008     30 |    1.00        1.00
--------|----------------------------------------------------------------------------|-------|-------------|-------|-------|-------|-------|--------|-----------
         Aggregated                                                                       798 798(100.00%) |    650      24    2089    530 |    5.60        5.60

Type     Name                                                                          # reqs      # fails |    Avg     Min     Max    Med |   req/s  failures/s
--------|----------------------------------------------------------------------------|-------|-------------|-------|-------|-------|-------|--------|-----------
GET      auth.login.page                                                                  500 500(100.00%) |    985     170    2089    970 |    0.00        0.00
GET      public.global_items                                                               61  61(100.00%) |    115      25    1482     30 |    1.50        1.50
GET      public.homepage                                                                  108 108(100.00%) |     82      25    1487     30 |    2.10        2.10
GET      public.recipe_library                                                             45  45(100.00%) |    108      26    1482     30 |    0.70        0.70
GET      public.signup                                                                     32  32(100.00%) |     41      25     295     29 |    0.70        0.70
GET      public.tools                                                                      60  60(100.00%) |     75      24    1008     30 |    1.10        1.10
--------|----------------------------------------------------------------------------|-------|-------------|-------|-------|-------|-------|--------|-----------
         Aggregated                                                                       806 806(100.00%) |    644      24    2089    500 |    6.10        6.10

Type     Name                                                                          # reqs      # fails |    Avg     Min     Max    Med |   req/s  failures/s
--------|----------------------------------------------------------------------------|-------|-------------|-------|-------|-------|-------|--------|-----------
GET      auth.login.page                                                                  500 500(100.00%) |    985     170    2089    970 |    0.00        0.00
GET      public.global_items                                                               64  64(100.00%) |    111      25    1482     30 |    1.10        1.10
GET      public.homepage                                                                  111 111(100.00%) |     80      25    1487     30 |    1.60        1.60
GET      public.recipe_library                                                             46  46(100.00%) |    106      26    1482     30 |    0.70        0.70
GET      public.signup                                                                     33  33(100.00%) |     40      25     295     30 |    0.70        0.70
GET      public.tools                                                                      63  63(100.00%) |     73      24    1008     30 |    1.20        1.20
--------|----------------------------------------------------------------------------|-------|-------------|-------|-------|-------|-------|--------|-----------
         Aggregated                                                                       817 817(100.00%) |    636      24    2089    490 |    5.30        5.30

Type     Name                                                                          # reqs      # fails |    Avg     Min     Max    Med |   req/s  failures/s
--------|----------------------------------------------------------------------------|-------|-------------|-------|-------|-------|-------|--------|-----------
GET      auth.login.page                                                                  500 500(100.00%) |    985     170    2089    970 |    0.00        0.00
GET      public.global_items                                                               65  65(100.00%) |    110      25    1482     31 |    1.10        1.10
GET      public.homepage                                                                  116 116(100.00%) |     78      25    1487     30 |    1.50        1.50
GET      public.recipe_library                                                             46  46(100.00%) |    106      26    1482     30 |    0.80        0.80
GET      public.signup                                                                     33  33(100.00%) |     40      25     295     30 |    0.60        0.60
GET      public.tools                                                                      66  66(100.00%) |     72      24    1008     30 |    1.50        1.50
--------|----------------------------------------------------------------------------|-------|-------------|-------|-------|-------|-------|--------|-----------
         Aggregated                                                                       826 826(100.00%) |    629      24    2089    480 |    5.50        5.50

Type     Name                                                                          # reqs      # fails |    Avg     Min     Max    Med |   req/s  failures/s
--------|----------------------------------------------------------------------------|-------|-------------|-------|-------|-------|-------|--------|-----------
GET      auth.login.page                                                                  500 500(100.00%) |    985     170    2089    970 |    0.00        0.00
GET      public.global_items                                                               66  66(100.00%) |    109      25    1482     31 |    1.10        1.10
GET      public.homepage                                                                  121 121(100.00%) |     76      25    1487     30 |    1.80        1.80
GET      public.recipe_library                                                             48  48(100.00%) |    103      26    1482     30 |    0.70        0.70
GET      public.signup                                                                     34  34(100.00%) |     40      25     295     30 |    0.40        0.40
GET      public.tools                                                                      69  69(100.00%) |     70      24    1008     30 |    1.60        1.60
--------|----------------------------------------------------------------------------|-------|-------------|-------|-------|-------|-------|--------|-----------
         Aggregated                                                                       838 838(100.00%) |    621      24    2089    470 |    5.60        5.60

Type     Name                                                                          # reqs      # fails |    Avg     Min     Max    Med |   req/s  failures/s
--------|----------------------------------------------------------------------------|-------|-------------|-------|-------|-------|-------|--------|-----------
GET      auth.login.page                                                                  500 500(100.00%) |    985     170    2089    970 |    0.00        0.00
GET      public.global_items                                                               70  70(100.00%) |    104      25    1482     31 |    1.00        1.00
GET      public.homepage                                                                  125 125(100.00%) |     75      25    1487     30 |    1.80        1.80
GET      public.recipe_library                                                             50  50(100.00%) |    100      26    1482     30 |    0.40        0.40
GET      public.signup                                                                     34  34(100.00%) |     40      25     295     30 |    0.20        0.20
GET      public.tools                                                                      72  72(100.00%) |     68      24    1008     30 |    1.50        1.50
--------|----------------------------------------------------------------------------|-------|-------------|-------|-------|-------|-------|--------|-----------
         Aggregated                                                                       851 851(100.00%) |    612      24    2089    470 |    4.90        4.90

Type     Name                                                                          # reqs      # fails |    Avg     Min     Max    Med |   req/s  failures/s
--------|----------------------------------------------------------------------------|-------|-------------|-------|-------|-------|-------|--------|-----------
GET      auth.login.page                                                                  500 500(100.00%) |    985     170    2089    970 |    0.00        0.00
GET      public.global_items                                                               73  73(100.00%) |    101      25    1482     31 |    1.10        1.10
GET      public.homepage                                                                  127 127(100.00%) |     74      25    1487     30 |    2.10        2.10
GET      public.recipe_library                                                             51  51(100.00%) |     99      26    1482     30 |    0.40        0.40
GET      public.signup                                                                     34  34(100.00%) |     40      25     295     30 |    0.20        0.20
GET      public.tools                                                                      72  72(100.00%) |     68      24    1008     30 |    1.70        1.70
--------|----------------------------------------------------------------------------|-------|-------------|-------|-------|-------|-------|--------|-----------
         Aggregated                                                                       857 857(100.00%) |    608      24    2089    470 |    5.50        5.50

Type     Name                                                                          # reqs      # fails |    Avg     Min     Max    Med |   req/s  failures/s
--------|----------------------------------------------------------------------------|-------|-------------|-------|-------|-------|-------|--------|-----------
GET      auth.login.page                                                                  500 500(100.00%) |    985     170    2089    970 |    0.00        0.00
GET      public.global_items                                                               75  75(100.00%) |     99      25    1482     31 |    1.10        1.10
GET      public.homepage                                                                  132 132(100.00%) |     73      25    1487     30 |    2.00        2.00
GET      public.recipe_library                                                             52  52(100.00%) |     98      26    1482     30 |    0.60        0.60
GET      public.signup                                                                     35  35(100.00%) |     40      25     295     30 |    0.20        0.20
GET      public.tools                                                                      76  76(100.00%) |     66      24    1008     30 |    1.50        1.50
--------|----------------------------------------------------------------------------|-------|-------------|-------|-------|-------|-------|--------|-----------
         Aggregated                                                                       870 870(100.00%) |    599      24    2089    460 |    5.40        5.40

Type     Name                                                                          # reqs      # fails |    Avg     Min     Max    Med |   req/s  failures/s
--------|----------------------------------------------------------------------------|-------|-------------|-------|-------|-------|-------|--------|-----------
GET      auth.login.page                                                                  500 500(100.00%) |    985     170    2089    970 |    0.00        0.00
GET      public.global_items                                                               78  78(100.00%) |     97      25    1482     30 |    1.20        1.20
GET      public.homepage                                                                  134 134(100.00%) |     72      25    1487     30 |    2.00        2.00
GET      public.recipe_library                                                             53  53(100.00%) |     96      25    1482     30 |    0.50        0.50
GET      public.signup                                                                     37  37(100.00%) |     39      25     295     30 |    0.20        0.20
GET      public.tools                                                                      77  77(100.00%) |     65      24    1008     30 |    1.10        1.10
--------|----------------------------------------------------------------------------|-------|-------------|-------|-------|-------|-------|--------|-----------
         Aggregated                                                                       879 879(100.00%) |    593      24    2089    460 |    5.00        5.00

Type     Name                                                                          # reqs      # fails |    Avg     Min     Max    Med |   req/s  failures/s
--------|----------------------------------------------------------------------------|-------|-------------|-------|-------|-------|-------|--------|-----------
GET      auth.login.page                                                                  500 500(100.00%) |    985     170    2089    970 |    0.00        0.00
GET      public.global_items                                                               81  81(100.00%) |     94      25    1482     30 |    1.30        1.30
GET      public.homepage                                                                  138 138(100.00%) |     71      25    1487     30 |    2.00        2.00
GET      public.recipe_library                                                             54  54(100.00%) |     95      25    1482     30 |    0.70        0.70
GET      public.signup                                                                     38  38(100.00%) |     39      25     295     30 |    0.40        0.40
GET      public.tools                                                                      79  79(100.00%) |     65      24    1008     30 |    1.20        1.20
--------|----------------------------------------------------------------------------|-------|-------------|-------|-------|-------|-------|--------|-----------
         Aggregated                                                                       890 890(100.00%) |    586      24    2089    420 |    5.60        5.60

Type     Name                                                                          # reqs      # fails |    Avg     Min     Max    Med |   req/s  failures/s